  ▲ Next.js 14.2.28
  - Local:        http://localhost:3000
  - Environments: .env
  - Experiments (use with caution):
    · outputFileTracingRoot

 ✓ Starting...
 ✓ Ready in 1329ms
 ○ Compiling / ...
 ✓ Compiled / in 1590ms (791 modules)
 GET / 200 in 1813ms
 ✓ Compiled in 400ms (383 modules)
 GET / 200 in 41ms
 ✓ Compiled /api/history in 342ms (440 modules)
 ✓ Compiled (466 modules)
 GET /favicon.ico 200 in 614ms
 GET /api/history?limit=5 200 in 642ms
 GET /api/history?limit=5 200 in 19ms
 ✓ Compiled /history in 367ms (853 modules)
 GET /history 200 in 462ms
 GET /favicon.ico 200 in 17ms
 GET /api/history?page=1&limit=12 200 in 84ms
 GET /api/history?page=1&limit=12 200 in 14ms
 ✓ Compiled /_not-found in 205ms (856 modules)
 GET /api/auth/csrf 404 in 253ms
 GET /favicon.ico 200 in 18ms
 POST /api/signup 404 in 15ms
 GET /api/auth/csrf 404 in 16ms
   Reload env: .env
 ✓ Compiled in 188ms (856 modules)
 ✓ Compiled in 573ms (868 modules)
 ✓ Compiled in 815ms (718 modules)
 ✓ Compiled in 299ms (432 modules)
 ✓ Compiled in 245ms (432 modules)
 ✓ Compiled in 204ms (432 modules)
[?25h
