  ▲ Next.js 14.2.28
  - Local:        http://localhost:3000
  - Environments: .env
  - Experiments (use with caution):
    · outputFileTracingRoot

 ✓ Starting...
 ✓ Ready in 1412ms
 ○ Compiling / ...
 ✓ Compiled / in 2.6s (892 modules)
 GET / 200 in 2983ms
 ✓ Compiled in 404ms (439 modules)
 GET / 200 in 32ms
 GET / 200 in 30ms
 GET / 200 in 23ms
 ✓ Compiled /api/auth/[...nextauth] in 387ms (692 modules)
 GET /api/auth/session 200 in 808ms
 GET /api/auth/session 200 in 25ms
 ✓ Compiled /auth/signin in 348ms (1127 modules)
 GET / 200 in 75ms
 GET / 200 in 27ms
 GET /api/auth/session 200 in 40ms
 GET /api/auth/session 200 in 15ms
 GET / 200 in 22ms
 GET / 200 in 28ms
 GET / 200 in 20ms
 GET / 200 in 21ms
 GET / 200 in 19ms
 GET / 200 in 20ms
 GET / 200 in 19ms
 GET / 200 in 20ms
 GET / 200 in 22ms
 GET / 200 in 19ms
 GET / 200 in 20ms
 GET / 200 in 19ms
 GET / 200 in 18ms
 GET / 200 in 18ms
 GET / 200 in 20ms
 GET / 200 in 20ms
 GET / 200 in 18ms
 GET / 200 in 18ms
 GET / 200 in 19ms
 GET / 200 in 19ms
 GET / 200 in 18ms
 GET / 200 in 19ms
 GET / 200 in 19ms
 GET / 200 in 21ms
 GET / 200 in 19ms
 GET / 200 in 20ms
 GET / 200 in 20ms
 GET / 200 in 18ms
 GET / 200 in 20ms
 GET / 200 in 18ms
 GET / 200 in 19ms
 GET / 200 in 21ms
