[master (root-commit) 5b5cff7] Complete DeepAgent MVP Web Application
 97 files changed, 10344 insertions(+)
 create mode 100644 .abacus.donotdelete
 create mode 100644 .gitignore
 create mode 100644 app/.env
 create mode 100644 app/.yarnrc.yml
 create mode 100644 app/app/api/history/route.ts
 create mode 100644 app/app/api/result/[id]/route.ts
 create mode 100644 app/app/api/verify/route.ts
 create mode 100644 app/app/globals.css
 create mode 100644 app/app/history/page.tsx
 create mode 100644 app/app/layout.tsx
 create mode 100644 app/app/page.tsx
 create mode 100644 app/app/result/[id]/page.tsx
 create mode 100644 app/components.json
 create mode 100644 app/components/recent-verifications.tsx
 create mode 100644 app/components/theme-provider.tsx
 create mode 100644 app/components/ui/accordion.tsx
 create mode 100644 app/components/ui/alert-dialog.tsx
 create mode 100644 app/components/ui/alert.tsx
 create mode 100644 app/components/ui/aspect-ratio.tsx
 create mode 100644 app/components/ui/avatar.tsx
 create mode 100644 app/components/ui/badge.tsx
 create mode 100644 app/components/ui/breadcrumb.tsx
 create mode 100644 app/components/ui/button.tsx
 create mode 100644 app/components/ui/calendar.tsx
 create mode 100644 app/components/ui/card.tsx
 create mode 100644 app/components/ui/carousel.tsx
 create mode 100644 app/components/ui/checkbox.tsx
 create mode 100644 app/components/ui/collapsible.tsx
 create mode 100644 app/components/ui/command.tsx
 create mode 100644 app/components/ui/context-menu.tsx
 create mode 100644 app/components/ui/date-range-picker.tsx
 create mode 100644 app/components/ui/dialog.tsx
 create mode 100644 app/components/ui/drawer.tsx
 create mode 100644 app/components/ui/dropdown-menu.tsx
 create mode 100644 app/components/ui/form.tsx
 create mode 100644 app/components/ui/hover-card.tsx
 create mode 100644 app/components/ui/input-otp.tsx
 create mode 100644 app/components/ui/input.tsx
 create mode 100644 app/components/ui/label.tsx
 create mode 100644 app/components/ui/menubar.tsx
 create mode 100644 app/components/ui/navigation-menu.tsx
 create mode 100644 app/components/ui/pagination.tsx
 create mode 100644 app/components/ui/popover.tsx
 create mode 100644 app/components/ui/progress.tsx
 create mode 100644 app/components/ui/radio-group.tsx
 create mode 100644 app/components/ui/resizable.tsx
 create mode 100644 app/components/ui/scroll-area.tsx
 create mode 100644 app/components/ui/select.tsx
 create mode 100644 app/components/ui/separator.tsx
 create mode 100644 app/components/ui/sheet.tsx
 create mode 100644 app/components/ui/skeleton.tsx
 create mode 100644 app/components/ui/slider.tsx
 create mode 100644 app/components/ui/sonner.tsx
 create mode 100644 app/components/ui/switch.tsx
 create mode 100644 app/components/ui/table.tsx
 create mode 100644 app/components/ui/tabs.tsx
 create mode 100644 app/components/ui/task-card.tsx
 create mode 100644 app/components/ui/textarea.tsx
 create mode 100644 app/components/ui/toast.tsx
 create mode 100644 app/components/ui/toaster.tsx
 create mode 100644 app/components/ui/toggle-group.tsx
 create mode 100644 app/components/ui/toggle.tsx
 create mode 100644 app/components/ui/tooltip.tsx
 create mode 100644 app/components/ui/use-toast.ts
 create mode 100644 app/components/verification-form.tsx
 create mode 100644 app/components/verification-results.tsx
 create mode 100644 app/deepagent_system/DEPLOYMENT_SUMMARY.md
 create mode 100644 app/deepagent_system/DEPLOYMENT_SUMMARY.pdf
 create mode 100644 app/deepagent_system/docs/FALCON_HANDOFF.md
 create mode 100644 app/deepagent_system/docs/FALCON_HANDOFF.pdf
 create mode 100644 app/deepagent_system/docs/IMPLEMENTATION_GUIDE.md
 create mode 100644 app/deepagent_system/docs/IMPLEMENTATION_GUIDE.pdf
 create mode 100644 app/deepagent_system/docs/README.md
 create mode 100644 app/deepagent_system/integration/falcon_interface.py
 create mode 100644 app/deepagent_system/prompts/phase1_academic_discovery.txt
 create mode 100644 app/deepagent_system/prompts/phase2_technical_feasibility.txt
 create mode 100644 app/deepagent_system/prompts/phase3_contradiction_analysis.txt
 create mode 100644 app/deepagent_system/qa/metrics.py
 create mode 100644 app/deepagent_system/schemas/input.json
 create mode 100644 app/deepagent_system/schemas/output.json
 create mode 100644 app/deepagent_system/schemas/qa.json
 create mode 100644 app/deepagent_system/src/deepagent_mvp.py
 create mode 100755 app/deepagent_system/tests/run_test.sh
 create mode 100644 app/deepagent_system/tests/sample_input.json
 create mode 100644 app/deepagent_system/tests/sample_output.json
 create mode 100644 app/hooks/use-toast.ts
 create mode 100644 app/lib/db.ts
 create mode 100644 app/lib/types.ts
 create mode 100644 app/lib/utils.ts
 create mode 100644 app/next-env.d.ts
 create mode 100644 app/next.config.js
 create mode 100644 app/package.json
 create mode 100644 app/postcss.config.js
 create mode 100644 app/prisma/schema.prisma
 create mode 100644 app/tailwind.config.ts
 create mode 100644 app/tsconfig.json
 create mode 120000 app/yarn.lock
###5b5cff72f561bfb9c00baebe10be83dc2b63ea55###
