Attention: Next.js now collects completely anonymous telemetry regarding usage.
This information is used to shape Next.js' roadmap and prioritize features.
You can learn more, including how to opt-out if you'd not like to participate in this anonymous program, by visiting the following URL:
https://nextjs.org/telemetry

  ▲ Next.js 14.2.28
  - Experiments (use with caution):
    · outputFileTracingRoot

   Creating an optimized production build ...
 ✓ Compiled successfully
   Skipping linting
   Checking validity of types ...
   Collecting page data ...
   Generating static pages (0/9) ...
   Generating static pages (2/9) 
   Generating static pages (4/9) 
   Generating static pages (6/9) 
 ✓ Generating static pages (9/9)
   Finalizing page optimization ...
   Collecting build traces ...

Route (app)                              Size     First Load JS
┌ ○ /                                    15.5 kB         160 kB
├ ○ /_not-found                          873 B          88.1 kB
├ ƒ /api/auth/[...nextauth]              0 B                0 B
├ ƒ /api/history                         0 B                0 B
├ ƒ /api/result/[id]                     0 B                0 B
├ ƒ /api/signup                          0 B                0 B
├ ƒ /api/verify                          0 B                0 B
├ ○ /auth/signin                         2.48 kB         116 kB
├ ○ /auth/signup                         2.61 kB         116 kB
├ ○ /history                             4.62 kB         132 kB
└ ƒ /result/[id]                         1.22 kB         112 kB
+ First Load JS shared by all            87.2 kB
  ├ chunks/117-c3d3dc8c766243ed.js       31.6 kB
  ├ chunks/fd9d1056-b6bd4111191f2b98.js  53.6 kB
  └ other shared chunks (total)          1.96 kB


○  (Static)   prerendered as static content
ƒ  (Dynamic)  server-rendered on demand

Successfully built app artifact
