  ▲ Next.js 14.2.28
  - Local:        http://localhost:3000
  - Environments: .env
  - Experiments (use with caution):
    · outputFileTracingRoot

 ✓ Starting...
 ✓ Ready in 1311ms
 ○ Compiling / ...
 ✓ Compiled / in 1592ms (892 modules)
 GET / 200 in 1800ms
 ✓ Compiled in 271ms (439 modules)
 GET / 200 in 34ms
 ○ Compiling /favicon.ico ...
 ✓ Compiled /favicon.ico in 762ms (692 modules)
 ✓ Compiled (722 modules)
 GET /favicon.ico 200 in 1115ms
 GET /api/auth/session 200 in 1373ms
 GET /api/auth/session 200 in 25ms
 ✓ Compiled /auth/signin in 466ms (1157 modules)
 GET /favicon.ico 200 in 17ms
 ✓ Compiled /auth/signup in 362ms (1163 modules)
 GET /auth/signup 200 in 438ms
 GET /favicon.ico 200 in 18ms
 GET /api/auth/session 200 in 48ms
 GET /api/auth/session 200 in 42ms
 GET /auth/signin 200 in 42ms
 GET /favicon.ico 200 in 15ms
 GET /api/auth/session 200 in 32ms
 GET /api/auth/session 200 in 16ms
 GET /api/auth/csrf 200 in 24ms
 GET /favicon.ico 200 in 14ms
 ✓ Compiled /api/signup in 209ms (754 modules)
 POST /api/signup 200 in 755ms
 GET / 200 in 65ms
 GET /api/auth/csrf 200 in 35ms
 POST /api/auth/callback/credentials 302 in 366ms
 ✓ Compiled /_not-found in 304ms (1189 modules)
 GET /dashboard 404 in 350ms
 GET / 200 in 35ms
 GET /favicon.ico 200 in 20ms
 GET /api/auth/session 200 in 47ms
 GET /api/auth/session 200 in 14ms
 ✓ Compiled /api/history in 167ms (757 modules)
 GET /api/history?limit=5 200 in 277ms
 GET /api/history?limit=5 200 in 14ms
 ✓ Compiled /history in 477ms (1207 modules)
 GET /history 200 in 537ms
 GET /favicon.ico 200 in 16ms
 GET /api/auth/session 200 in 53ms
 GET /api/history?page=1&limit=12 200 in 92ms
 GET /api/auth/session 200 in 14ms
 GET /api/history?page=1&limit=12 200 in 15ms
[?25h
