  ▲ Next.js 14.2.28
  - Environments: .env
  - Experiments (use with caution):
    · outputFileTracingRoot

   Creating an optimized production build ...
 ✓ Compiled successfully
   Skipping linting
   Checking validity of types ...
   Collecting page data ...
   Generating static pages (0/5) ...
   Generating static pages (1/5) 
   Generating static pages (2/5) 
   Generating static pages (3/5) 
 ✓ Generating static pages (5/5)
   Finalizing page optimization ...
   Collecting build traces ...

Route (app)                              Size     First Load JS
┌ ○ /                                    7.91 kB         143 kB
├ ○ /_not-found                          872 B          88.1 kB
├ ƒ /api/history                         0 B                0 B
├ ƒ /api/result/[id]                     0 B                0 B
├ ƒ /api/verify                          0 B                0 B
├ ○ /history                             4.62 kB         132 kB
└ ƒ /result/[id]                         190 B           112 kB
+ First Load JS shared by all            87.2 kB
  ├ chunks/156-19c70f6b87101c8e.js       31.7 kB
  ├ chunks/ceb5afef-a88ae4c1d1f36d80.js  53.6 kB
  └ other shared chunks (total)          1.9 kB


○  (Static)   prerendered as static content
ƒ  (Dynamic)  server-rendered on demand

exit_code=0
