  ▲ Next.js 14.2.28
  - Local:        http://localhost:3000
  - Environments: .env
  - Experiments (use with caution):
    · outputFileTracingRoot

 ✓ Starting...
 ✓ Ready in 1908ms
 ○ Compiling / ...
 ✓ Compiled / in 2.7s (770 modules)
 GET / 200 in 2989ms
 GET / 200 in 837ms
 ✓ Compiled in 412ms (383 modules)
 GET / 200 in 39ms
 GET / 200 in 27ms
 ✓ Compiled /api/history in 207ms (411 modules)
 GET /api/history?limit=5 200 in 382ms
 GET /api/history?limit=5 200 in 13ms
 GET / 200 in 60ms
 GET /api/history?limit=5 200 in 13ms
 GET /api/history?limit=5 200 in 13ms
 GET / 200 in 31ms
 GET / 200 in 31ms
 GET / 200 in 27ms
 GET /api/history?limit=5 200 in 15ms
 GET /api/history?limit=5 200 in 14ms
 GET / 200 in 26ms
 GET / 200 in 25ms
 GET / 200 in 26ms
 GET / 200 in 25ms
 GET / 200 in 28ms
 GET / 200 in 25ms
 GET / 200 in 25ms
 GET / 200 in 24ms
 GET / 200 in 25ms
 GET / 200 in 24ms
 ✓ Compiled in 392ms (371 modules)
 ✓ Compiled in 256ms (383 modules)
[?25h
